123456
12345
abc123
tigger
qwerty
money
carmen
mickey
secret
summer
a1b2c3
service
canada
hello
ranger
shadow
donald
harley
hockey
letmein
maggie
mustang
snoopy
buster
dragon
jordan
michael
mindy
patrick
123abc
andrew
calvin
diamond
fuckme
fuckyou
matthew
miller
tiger
apple
avalon
brandy
chelsea
coffee
falcon
freedom
gandalf
green
helpme
linda
magic
merlin
newyork
soccer
thomas
wizard
asdfgh
bandit
batman
boris
dorothy
eeyore
fishing
george
happy
marina
master
missy
monday
monkey
natasha
ncc1701
pamela
pepper
piglet
pookie
rabbit
rachel
rocket
smile
sparky
spring
steven
success
zapata
8675309
amanda
angel
august
barney
biteme
boomer
brian
casey
cowboy
delta
doctor
fisher
island
joshua
karen
marley
orange
please
rascal
richard
sarah
scooter
shalom
silver
skippy
stanley
taylor
welcome
zephyr
111111
aaaaaa
access
albert
andrea
anthony
ashley
beavis
black
booboo
bradley
brandon
buddy
caitlin
camaro
charlie
chicken
chris
cindy
cricket
dakota
dallas
daniel
david
debbie
dolphin
emily
friend
fucker
ginger
hammer
heather
iceman
jason
jessica
jesus
joseph
jupiter
justin
kevin
knight
lakers
lizard
madison
mother
muffin
murphy
nirvana
paris
pentium
phoenix
picture
rainbow
sandy
saturn
scott
shannon
skeeter
sophie
special
stephen
steve
sweetie
teacher
tennis
test123
tommy
topgun
tristan
wally
william
wilson
1q2w3e
654321
666666
a12345
alpha
amber
angela
angie
archie
blazer
bond007
booger
charles
claire
control
danny
david1
dennis
digital
disney
edward
elvis
felix
flipper
frodo
honda
horses
hunter
indigo
james
jasper
jeremy
julian
kelsey
killer
lauren
marie
matrix
mayday
mercury
morgan
niners
nothing
oliver
peace
peanut
phantom
popcorn
psycho
pumpkin
purple
randy
rebecca
reddog
robert
rocky
roses
salmon
samson
sharon
sierra
smokey
stimpy
support
sydney
techno
walter
willie
willow
winner
ziggy
zxcvbnm
alaska
alexis
alice
animal
apples
barbara
billy
bobby
bonnie
bubba
camera
clark
claudia
compton
connect
cookie
cruise
douglas
dreamer
dreams
duckie
eagles
eddie
enter
faith
family
ferrari
flower
foxtrot
francis
freddy
friday
froggy
giants
gizmo
global
goofy
happy1
hendrix
henry
herman
homer
honey
house
houston
iguana
indiana
insane
inside
irish
ironman
jasmin
jeanne
jerry
justice
kermit
kitty
koala
larry
leslie
logan
lucky
martin
minnie
misty
mitch
mouse
nancy
nascar
nelson
pantera
parker
penguin
peter
piano
pizza
prince
punkin
pyramid
raymond
robin
roger
rosebud
route66
royal
running
sadie
sasha
sheena
sheila
skiing
snapple
sparrow
spencer
spike
stealth
student
sunny
sylvia
tamara
taurus
teresa
theresa
tigers
toyota
travel
tuesday
victory
viper1
wesley
whisky
winnie
winter
wolves
xyz123
zorro
123123
1234567
696969
888888
Anthony
Joshua
Matthew
Tigger
aaron
abcdef
adidas
adrian
alfred
arthur
athena
austin
awesome
badger
bamboo
beagle
bears
beatles
beaver
benny
bigmac
bingo
bitch
blonde
boogie
boston
brenda
bright
bubba1
bubbles
buffy
button
buttons
cactus
candy
captain
carlos
carrie
casper
catch22
chance
charity
cheese
cheryl
chloe
chris1
clancy
compaq
conrad
cooper
cooter
copper
cosmos
cougar
cracker
crystal
curtis
cyclone
dance
diablo
dollars
dookie
dumbass
dundee
europe
farmer
fluffy
france
freak1
friends
fuckoff
gabriel
galaxy
gambit
garden
garnet
genesis
genius
golfer
goober
grace
groovy
grover
guitar
hacker
harry
hazel
hector
herbert
horizon
hornet
howard
imagine
impala
janice
jasmine
jason1
jeffrey
jenifer
jenni
jesus1
jewels
joker
julie
julie1
junior
justin1
keith
kelly
kelly1
kennedy
kevin1
knicks
larry1
leonard
lestat
library
lincoln
london
louise
lucky1
maddog
martin1
marty
master1
mensuck
metal
midori
mikey
millie
mirage
molly
monet
money1
monica
mookie
moose
moroni
music
naomi
nathan
nguyen
nicole
nimrod
october
olive
olivia
online
oscar
oxford
pacific
painter
peaches
pepsi
petunia
philip
photo
pickle
player
poiuyt
porsche
porter
puppy
python
quality
raquel
raven
robbie
robert1
roman
rugby
runner
russell
sailing
sailor
savage
school
seven
shadow1
sheba
shelby
shoes
simba
simple
skipper
smiley
snake
sniper
snowman
sonic
sprite
spunky
station
stella
storm
stormy
stupid
sunny1
sunrise
surfer
susan
tammy
tango
tanya
teddy1
theboss
theking
thumper
tintin
tomcat
trebor
trevor
tweety
unicorn
valerie
vanilla
victor
vincent
viper
warrior
weasel
wheels
wilbur
winston
wisdom
wombat
xavier
yellow
Andrew
Family
Friends
Michael
Snoopy
abcdefg
abigail
account
alex1
alice1
allison
alpine
andre1
andrea1
angel1
anita
annette
antares
apache
apollo
aragorn
arizona
arnold
arsenal
asdfg
avenger
bailey
banana
barry
basket
batman1
beaner
beast
bella
bertha
bigben
bigdog
biggles
bigman
binky
biology
bishop
blondie
bobcat
bosco
braves
brazil
bruce
bruno
brutus
buffalo
bulldog
bullet
bunny
butch
butler
butter
carol
carol1
carole
cassie
castle
cccccc
celine
center
chanel
chaos
chicago
chico
christy
church
cinder
colleen
connie
cookies
cooking
corona
cowboys
coyote
craig
cuddles
cuervo
cutie
daddy
daisy
daniel1
davids
death
denis
derek
design
destiny
diana
diane
digger
dodger
donna
dougie
dylan
eagle
eclipse
emerald
etoile
express
fender
fiona
fireman
flash
florida
flowers
foster
frank
french
gemini
general
gerald
germany
gilbert
goaway
golden
goose
gordon
graham
grant
gregory
gunner
hannah
harold
harvey
hawkeye
heaven
heidi
helen
helena
hithere
hobbit
ibanez
integra
ireland
irene
isaac
isabel
jackass
jackie
jackson
jaguar
jamaica
japan
jenny1
jessie
johan
johnny
joker1
judith
julia
jumanji
karen1
kathy
keepout
keith1
kenneth
kingdom
kitkat
kramer
kristen
laura
laurie
lawyer
legend
liberty
light
lindsay
lindsey
lonely
louis
lovely
loveme
lucas
madonna
malcolm
malibu
marcel
maria1
mariah
mariah1
marilyn
mario
marvin
maurice
maxine
maxwell
meggie
melanie
melissa
melody
mexico
michele
mike1
miracle
misha
mishka
molly1
monique
moocow
moore
morris
mouse1
mulder
nautica
nellie
newton
nissan
norman
ocean
olivier
ollie
oranges
oregon
orion
panda
pandora
panther
passion
pearl
peewee
pencil
penny
people
percy
person
peter1
petey
picasso
pierre
polaris
police
pookie1
poppy
power
preston
q1w2e3
queen
queenie
quentin
ralph
random
rangers
raptor
reality
redrum
remote
rhonda
ricardo
ricky
river
rocky1
ronald
ruthie
sabrina
sakura
sally
sampson
samuel
sandra
santa
scarlet
scorpio
scott1
scottie
scruffy
seattle
serena
shanti
shark
shogun
simon
singer
skull
slacker
smiles
snuffy
soccer1
soleil
sonny
spanky
speedy
spider
spooky
stacey
star69
start
steven1
stinky
stuart
sugar
suzanne
suzuki
swimmer
system
taffy
tarzan
teddy
terry
theatre
thunder
tinker
tootsie
tornado
tracy
tricia
trident
trojan
truman
trumpet
tucker
turtle
tyler
utopia
voyager
warlock
warren
water
wayne
wendy
willy
winona
woody
wright
xfiles
xxxxxx
yankees
yvonne
zebra
zenith
zigzag
zombie
zxc123
zxcvb
000000
007007
11111
123321
171717
181818
1a2b3c
1chris
4runner
54321
55555
7777777
789456
Alexis
Bailey
Charlie
Chris
Daniel
Dragon
HARLEY
Heather
Jessica
Jordan
KILLER
Purple
Rebecca
Robert
Shadow
Steven
Summer
Taylor
Thomas
abcd123
abcde
accord
active
africa
alfaro
alicia
aliens
alina
aline
alison
allen
aloha
alpha1
althea
altima
amanda1
amazing
america
amour
andre
andrew1
angels
angie1
annie
apple1
apple2
april
ariane
ariel
arlene
artemis
asdfjkl
ashley1
ashraf
ashton
asterix
attila
autumn
avatar
babes
bambi
barbie
barney1
barrett
bball
beaches
beanie
beans
beauty
becca
belize
belle
belmont
benji
benson
berry
betsy
betty
bigboss
bigred
billy1
birdie
biscuit
bitter
blanche
blood
blowjob
blowme
blues
bogart
bombay
boobie
boots
bootsie
boxers
brandi
brent
bridge
bronco
bronte
brooke
brother
bryan
bubble
buddha
budgie
burton
byron
calvin1
camel
camille
camping
cancer
canela
cannon
carbon
carnage
carolyn
carrot
cascade
catfish
cathy
cecile
celica
change
chantal
charger
cherry
chiara
chiefs
china
christ1
chuck
cindy1
cinema
civic
claude
cobain
cobra
colette
college
colors
colt45
cosmo
country
cupcake
cynthia
dagger
dammit
dancer
daphne
darren
darryl
darwin
deborah
deedee
delano
delete
demon
denise
denny
desert
deskjet
detroit
devil
devine
devon
dexter
dianne
diesel
dixie
dodgers
doggy
dollar
dolly
domino
doogie
doudou
dragon1
driver
dudley
dwight
eagle1
easter
eastern
edith
edmund
eight
element
elissa
ellen
elliot
empire
enigma
escort
estelle
eugene
evelyn
explore
family1
fatboy
felipe
ferret
ferris
fishes
fishie
flight
forward
freddie
freeman
frisco
fritz
froggie
frogs
fucku
future
gabby
games
garcia
gaston
gateway
george1
georgia
german
getout
ghost
gibson
giselle
gmoney
goblin
goblue
gollum
grandma
gremlin
grizzly
grumpy
guess
guitar1
gustavo
haggis
hailey
hamlet
hanna
hanson
harley1
harriet
harris
harvard
health
heart
helene
hello1
hermes
hilda
hillary
history
hitler
hobbes
holiday
holly
honda1
hootie
horse
hotrod
hudson
hummer
huskies
idiot
iforget
iloveu
impact
irina
israel
italia
italy
jackie1
jacob
jakey
james1
jamie
jamjam
jennie
jenny
jensen
jesse
jesse1
jester
jethro
jimbob
jimmy
joanna
joelle
john316
jordie
jorge
journey
joyce
jubilee
jules
julien
juliet
junebug
juniper
karin
karine
karma
katie
katie1
kayla
keeper
keller
kendall
kenny
ketchup
kings
kissme
kitten
kkkkkk
kristi
labtec
laddie
ladybug
lance
laurel
lawson
leader
leland
lemon
lester
letter
letters
lexus1
libra
lights
lionel
little
lizzy
lolita
looney
loren
lorna
loser
lovers
loveyou
lucia
lucifer
lucky14
maddie
madmax
magic1
magnum
maiden
maine
manson
manuel
marcus
maria
marine
marino
martha
maxmax
medical
megan
melina
memphis
mermaid
miami
michel
mickey1
mikael
milano
miles
million
miranda
miriam
mission
mmmmmm
mobile
monkey1
monroe
montana
monty
moomoo
movies
mozart
murray
nadia
nadine
nation
nestle
newlife
nichole
nikita
nikki
nokia
nomore
normal
norton
noway
nugget
number9
numbers
nurse
nutmeg
ohshit
oicu812
omega
openup
orchid
orlando
packard
packers
paloma
pancake
panic
parola
parrot
partner
pascal
patches
paula
pauline
payton
peach
peanuts
pedro1
peggy
perfect
perry
philips
phone
pierce
pigeon
pioneer
piper1
pirate
pisces
playboy
pluto
poetry
pontiac
pookey
popeye
prayer
prelude
premier
puddin
pulsar
pussy
pussy1
qwert
rabbit1
racoon
rambo
randy1
ravens
redman
reggae
reggie
renee
rescue
riley
ripper
robby
roberts
rocket1
rockie
rockon
roger1
rogers
roland
rommel
rookie
rosie
rufus
rusty
sabbath
sabina
safety
saint
samiam
sammie
sammy
samsam
sandi
sanjose
saphire
sarah1
saskia
sassy
science
scooby
scotty
scouts
search
server
seven7
shaggy
shanny
shaolin
shasta
shayne
shelly
sherry
shirley
shorty
shotgun
sidney
simba1
sinatra
sirius
skate
skyler
slayer
sleepy
slider
smile1
smitty
smoke
snakes
snapper
snoop
solomon
sophia
space
sparks
spartan
spike1
sponge
spurs
squash
stars
steph1
steve1
stevens
stewart
stone
stretch
strong
studio
stumpy
sucker
suckme
sultan
summit
sunfire
sunset
super
surfing
susan1
sutton
sweden
sweety
tabatha
taiwan
tamtam
tanner
target
tasha
tattoo
tequila
terry1
texas
theend
tiger2
timber
timothy
topcat
topher
toshiba
tototo
travis
trees
tricky
trish
triton
trouble
trucker
turbo
twins
tyler1
unique
united
ursula
valley
vampire
vanessa
venice
venus
vermont
vicki
vicky
victor1
violet
violin
virgil
vision
volley
voodoo
vortex
waiting
wanker
warner
water1
wayne1
webster
weezer
wendy1
western
white
whitney
wildcat
wilma
window
wonder
yamaha
yankee
yolanda
yomama
yvette
zachary
zebras
zxcvbn
121212
131313
13579
90210
ABC123
action
amelie
artist
asshole
benoit
bernard
bernie
bigbird
bluesky
bonjour
caesar
cesar
chapman
chevy
cougars
dominic
donkey
dusty
eminem
energy
forest
forever
glenn
hotdog
indian
jared
jimbo
johnson
josie
kristin
lloyd
maxime
memory
mirror
nemesis
network
nigel
oatmeal
patton
pedro
planet
players
praise
psalms
qwaszx
raiders
rambo1
rancid
shawn
shelley
speedo
sports
ssssss
steele
steph
sunday
tiffany
tigre
toronto
trixie
undead
velvet
viking
walker
watson
young
pretty
hottie
teamo
naruto
daniela
christ
blessed
single
qazwsx
pokemon
hahaha
123qwe
trinity
google
looking
spirit
qwerty1
onelove
mylove
222222
loving
red123
blabla
112233
hallo
monster
poopoo
159753
chester
miguel
iloveme
sayang
555555
999999
antonio
987654
00000
corazon
kisses
myspace
rebelde
alyssa
mahalko
mariana
eduardo
andres
ronaldo
adriana
celtic
samsung
angelo
456789
karina
hotmail
cameron
50cent
bonita
maganda
babyboy
natalie
cuteako
javier
123654
bowwow
777777
january
bianca
101010
sweet
panget
benfica
love123
camila
lorena
andreea
charmed
rafael
brianna
aaliyah
gangsta
333333
hiphop
mybaby
sergio
badboy
sasuke
steaua
roberto
jayson
5201314
jerome
gandako
gatita
babyko
246810
chivas
alberto
valeria
nicole1
jayjay
liliana
232323
amores
bitch1
fatima
miamor
lover
lalala
252525
159357
manutd
123456a
britney
katrina
pasaway
mahal
tatiana
cantik
0123456
natalia
paola
mommy1
147258
amigos
marlon
147852
diego
444444
iverson
andrei
justine
frankie
pimpin
fashion
england
hermosa
456123
102030
hearts
potter
iloveu2
number1
212121
jayden
hottie1
ganda
shakira
sweets
familia
love12
omarion
monkeys
elijah
ronnie
mamita
broken
rodrigo
amigas
flores
elaine
cheche
gracie
connor
darling
santos
joanne
pebbles
gloria
dustin
iubire
a123456
purple1
inlove
batista
karla
chacha
marian
sexyme
pogiako
jordan1
010203
daddy1
pinky
erika
skater
nenita
tigger1
gatito
lokita
maldita
bambam
glitter
123789
sister
loveya
lovebug
marissa
cecilia
nicolas
puppies
ariana
chubby
roxana
mememe
susana
baller
carter
sweet16
012345
bhebhe
marcos
loveme1
lilmama
beyonce
lovely1
catdog
armando
151515
loves
202020
gerard
amistad
delfin
lizzie
enrique
badgirl
141414
dancing
cuteme
amelia
skyline
angeles
janine
justme
legolas
tekiero
thebest
lucky7
buddy1
regina
myself
jazmin
rosita
chichi
pangit
mierda
arturo
silvia
melvin
celeste
honeyko
mylife
babyboo
loveu
lupita
alfredo
musica
hawaii
sparkle
crazy
098765
hayden
micheal
242424
marisol
mhine
isaiah
lolipop
xbox360
yourmom
beatriz
desiree
741852
hannah1
bananas
julius
leanne
marie1
lover1
twinkle
bebita
pollito
ashlee
cookie1
beckham
simone
nursing
torres
damian
joshua1
dinamo
mommy
juliana
redsox
gundam
ou812
molson
Monday
newpass
thx1138
foobar
newuser
floyd
guest
micro
telecom
test1
absolut
backup
bird33
deliver
galileo
gopher
hansolo
passwd
phish
sergei
truck
video
volvo
Bond007
Friday
Hendrix
October
Taurus
catalog
clipper
cyrano
deutsch
dilbert
export
garlic
goforit
hoops
ledzep
mailman
mantra
market
mazda1
nesbitt
quest
supra
testing
xanadu
zaphod
10sne1
3bears
Fisher
Jeanne
Killer
Knight
Master
Pepper
Sierra
Tennis
abacab
anders
avenir
basil
bliss
bridges
bugsy
canon
catnip
civil
content
crack1
cyber
daisie
dark1
denali
depeche
dickens
emmitt
entropy
farout
farside
fidel
firenze
fish1
fletch
fozzie
gasman
graphic
image
intern
jkl123
kidder
lambda
logical
lorrie
major
mariner
mark1
media
merlot
midway
mmouse
mopar
nermal
olsen
opera
pacers
packer
picard
polar
primus
public
radio
reptile
rodeo
rolex
rouge
scout
scuba1
sergey
skibum
skunk
sound
starter
sting1
sunbird
tbird
teflon
today
tokyo
trout
vader
wolf1
yukon
1kitty
2kids
57chevy
7dwarfs
Animals
Ariel
Booboo
Boston
Carol
Curtis
Denise
Eagles
Esther
Fishing
Freddy
Gandalf
Golden
Goober
Hacker
Harley
Henry
Hershey
Jackson
Jersey
Joanna
Johnson
Katie
Kitten
Liberty
Lindsay
Lizard
Maxwell
Money
Monster
Pamela
Peaches
Peter
Phoenix
Piglet
Pookie
Rabbit
Raiders
Random
Russell
Sammy
Saturn
Skeeter
Smokey
Sparky
Speedy
Theresa
Thunder
Vincent
Willow
Winnie
abbott
acura
admin
admin1
adrock
agent
airwolf
alien
allegro
altima1
anneli
aptiva
arrow
baraka
bartman
beasty
beavis1
belgium
beowulf
beryl
bharat
bichon
bigal
biker
bilbo
bills
bimmer
biochem
birdy
blinds
blitz
bogey
bogus
boulder
bourbon
boxer
brain
branch
britain
broker
bucks
buffett
bulls
burns
c00per
calgary
camay
cement
cessna
chang
chess
chinook
chronos
cicero
circuit
cirque
cirrus
clapton
class
claudel
cliff
clock
color
comet
concept
corky
corwin
cross
crowley
cthulhu
current
cutlass
dagger1
daily
daytek
decker
dharma
dipper
disco
dixon
doitnow
doors
dutch
effie
elsie
engage
eric1
ernie1
escort1
excel
faculty
faust
fenris
finance
first
fleurs
flute
flyboy
flyer
franka
fugazi
funtime
gaelic
gambler
garth
gator1
gibbons
godiva
goethe
gofish
gramps
gravis
greed
greg1
greta
gretzky
guido
gumby
h2opolo
hamid
health1
hello8
help123
helper
homerj
hoosier
huang
ib6ub9
insight
iomega
jetta1
joanie
josee
julia2
jumbo
kerala
kleenex
kombat
lamer
laser
lassie1
leblanc
legal
lions
logger
logos
longer
lotus
macha
macross
madoka
mallard
meister
mercer
merde
merrill
michal
michou
mickel
minou
modem
motor
mowgli
mulder1
muscle
none1
nopass
nouveau
novell
oaxaca
obiwan
orville
otter
packrat
paint
pavel
peterk
phishy
piano1
pianos
plato
poetic
print
qqq111
quebec
racer
racerx
radar
rafiki
raleigh
rasta1
redfish
redwing
redwood
reznor
rhino
ripple
robocop
roche
rugger
safety1
saigon
satori
saturn5
scotch
scuba
secret3
seeker
shazam
shelter
signal
simsim
skydive
slick
smegma
smiths
smurfy
sober1
sonics
spazz
sphynx
spock
spoon
steel
stephi
sting
stocks
storage
strat
strato
susanna
swanson
switzer
system5
talon
tarheel
tester
thorne
total
toucan
transit
trapper
trash
trophy
tucson
turbo2
unity
upsilon
vedder
vette
vikram
virago
visual
volcano
walden
waldo
walleye
wedge
whale1
wibble
wombat1
world
xxx123
zepplin
zoltan
zoomer
123go
FuckYou
Fuckyou
Gizmo
Hello
Michel
Qwerty
Windows
angus
aspen
booster
byteme
cloclo
corrado
dasha
fiction
french1
fubar
gator
gilles
gocougs
hilbert
mailer
ne1469
pomme
sales
salut
scrooge
skidoo
spain
sylvie
symbol
forum
rotimi
saved
netware
Champs
Tuesday
draft
hal9000
herzog
jussi
nicarao
snowski
1qw23e
Alpha
Bastard
Beavis
Celtics
Cougar
Darkman
Figaro
Fortune
Hammer
Homer
Janet
Mellon
Merlot
Newton
Paladin
Peanuts
Service
Vernon
Webster
aki123
aylmer
courier
dogbert
eieio
elina1
funguy
ggeorge
glider1
heikki
if6was9
ingvar
juhani
midvale
nesbit
nexus6
nisse
notta1
reliant
seoul
testi
toto1
Abcdef
Asdfgh
NCC1701
Zxcvbnm
doom2
m1911a1
ne1410s
ne14a69
OU812
Pentium
Bonzo
Gretel
Michel1
Noriko
Sverige
Swoosh
Woodrow
ayelet
betacam
ilmari
irmeli
j1l2t3
kerrya
kissa2
matti1
paagal
ratio
stivers
tapani
targas
test2
test3
user1
xanth
1701d
Qwert
notused
